/*
 * Licensed to the Apache Software Foundation (ASF) under one
 * or more contributor license agreements.  See the NOTICE file
 * distributed with this work for additional information
 * regarding copyright ownership.  The ASF licenses this file
 * to you under the Apache License, Version 2.0 (the
 * "License"); you may not use this file except in compliance
 * with the License.  You may obtain a copy of the License at
 *
 *     http://www.apache.org/licenses/LICENSE-2.0
 *
 * Unless required by applicable law or agreed to in writing, software
 * distributed under the License is distributed on an "AS IS" BASIS,
 * WITHOUT WARRANTIES OR CONDITIONS OF ANY KIND, either express or implied.
 * See the License for the specific language governing permissions and
 * limitations under the License.
 */

org.apache.flink:flink-connector-hive_2.11:jar:1.11-byted-SNAPSHOT
+- org.apache.flink:flink-table-common:jar:1.11-byted-SNAPSHOT:provided
|  +- org.apache.flink:flink-core:jar:1.11-byted-SNAPSHOT:compile
|  |  +- org.apache.flink:flink-annotations:jar:1.11-byted-SNAPSHOT:compile
|  |  +- org.apache.flink:flink-metrics-core:jar:1.11-byted-SNAPSHOT:compile
|  |  +- com.esotericsoftware.kryo:kryo:jar:2.24.0:compile
|  |  |  \- com.esotericsoftware.minlog:minlog:jar:1.2:compile
|  |  +- org.apache.flink:flink-shaded-guava:jar:18.0-11.0-byted-SNAPSHOT:compile
|  |  \- org.yaml:snakeyaml:jar:1.24:compile
|  +- org.apache.flink:flink-metrics-dropwizard:jar:1.11-byted-SNAPSHOT:provided
|  |  \- io.dropwizard.metrics:metrics-core:jar:3.2.6:compile
|  \- org.apache.flink:flink-shaded-asm-7:jar:7.1-11.0-byted-SNAPSHOT:compile
+- org.apache.flink:flink-hadoop-compatibility_2.11:jar:1.11-byted-SNAPSHOT:compile
+- org.apache.flink:flink-table-api-java-bridge_2.11:jar:1.11-byted-SNAPSHOT:provided
|  +- org.apache.flink:flink-table-api-java:jar:1.11-byted-SNAPSHOT:provided
|  \- org.apache.flink:flink-streaming-java_2.11:jar:1.11-byted-SNAPSHOT:provided
|     \- com.googlecode.json-simple:json-simple:jar:1.1.1:provided
+- org.apache.flink:flink-table-runtime-blink_2.11:jar:1.11-byted-SNAPSHOT:provided
|  +- org.codehaus.janino:janino:jar:3.0.9:provided
|  |  \- org.codehaus.janino:commons-compiler:jar:3.0.9:provided
|  \- org.apache.calcite.avatica:avatica-core:jar:1.16.0:provided
+- org.apache.flink:flink-table-planner-blink_2.11:jar:1.11-byted-SNAPSHOT:provided
|  +- org.apache.flink:flink-table-api-scala_2.11:jar:1.11-byted-SNAPSHOT:provided
|  |  +- org.scala-lang:scala-reflect:jar:2.11.12:provided
|  |  +- org.scala-lang:scala-library:jar:2.11.12:provided
|  |  \- org.scala-lang:scala-compiler:jar:2.11.12:provided
|  |     +- org.scala-lang.modules:scala-xml_2.11:jar:1.0.5:provided
|  |     \- org.scala-lang.modules:scala-parser-combinators_2.11:jar:1.1.1:provided
|  \- org.apache.flink:flink-table-api-scala-bridge_2.11:jar:1.11-byted-SNAPSHOT:provided
|     +- org.apache.flink:flink-scala_2.11:jar:1.11-byted-SNAPSHOT:provided
|     \- org.apache.flink:flink-streaming-scala_2.11:jar:1.11-byted-SNAPSHOT:provided
+- org.apache.flink:flink-hadoop-bulk_2.11:jar:1.11-byted-SNAPSHOT:compile
+- org.apache.flink:flink-orc_2.11:jar:1.11-byted-SNAPSHOT:compile
+- org.apache.flink:flink-orc-nohive_2.11:jar:1.11-byted-SNAPSHOT:compile
+- org.apache.flink:flink-parquet_2.11:jar:1.11-byted-SNAPSHOT:compile
|  \- org.apache.parquet:parquet-hadoop:jar:1.10.0:compile
|     +- org.apache.parquet:parquet-column:jar:1.10.0:compile
|     |  +- org.apache.parquet:parquet-common:jar:1.10.0:compile
|     |  \- org.apache.parquet:parquet-encoding:jar:1.10.0:compile
|     +- org.apache.parquet:parquet-format:jar:2.4.0:compile
|     \- org.apache.parquet:parquet-jackson:jar:1.10.0:compile
+- org.apache.flink:flink-hadoop-fs:jar:1.11-byted-SNAPSHOT:compile
+- org.apache.hadoop:hadoop-common:jar:2.7.5:provided
|  +- org.apache.hadoop:hadoop-annotations:jar:2.7.5:provided
|  |  \- jdk.tools:jdk.tools:jar:1.8:system
|  +- com.google.guava:guava:jar:11.0.2:provided
|  +- commons-cli:commons-cli:jar:1.2:provided
|  +- org.apache.commons:commons-math3:jar:3.5:provided
|  +- xmlenc:xmlenc:jar:0.52:provided
|  +- commons-httpclient:commons-httpclient:jar:3.1:provided
|  +- commons-codec:commons-codec:jar:1.10:compile
|  +- commons-io:commons-io:jar:2.4:compile
|  +- commons-net:commons-net:jar:3.1:provided
|  +- commons-collections:commons-collections:jar:3.2.2:compile
|  +- javax.servlet:servlet-api:jar:2.5:provided
|  +- org.mortbay.jetty:jetty:jar:6.1.26:provided
|  +- org.mortbay.jetty:jetty-util:jar:6.1.26:provided
|  +- org.mortbay.jetty:jetty-sslengine:jar:6.1.26:provided
|  +- javax.servlet.jsp:jsp-api:jar:2.1:provided
|  +- com.sun.jersey:jersey-core:jar:1.9:provided
|  +- com.sun.jersey:jersey-json:jar:1.9:provided
|  |  +- org.codehaus.jettison:jettison:jar:1.1:provided
|  |  +- com.sun.xml.bind:jaxb-impl:jar:2.2.3-1:provided
|  |  +- org.codehaus.jackson:jackson-jaxrs:jar:1.8.3:provided
|  |  \- org.codehaus.jackson:jackson-xc:jar:1.8.3:provided
|  +- com.sun.jersey:jersey-server:jar:1.9:provided
|  |  \- asm:asm:jar:3.1:provided
|  +- commons-logging:commons-logging:jar:1.1.3:provided
|  +- net.java.dev.jets3t:jets3t:jar:0.9.0:provided
|  |  +- org.apache.httpcomponents:httpclient:jar:4.5.3:provided
|  |  +- org.apache.httpcomponents:httpcore:jar:4.4.6:provided
|  |  \- com.jamesmurty.utils:java-xmlbuilder:jar:0.4:provided
|  +- commons-lang:commons-lang:jar:2.6:provided
|  +- commons-configuration:commons-configuration:jar:1.7:provided
|  |  +- commons-digester:commons-digester:jar:1.8.1:provided
|  |  \- commons-beanutils:commons-beanutils:jar:1.8.3:provided
|  +- org.codehaus.jackson:jackson-core-asl:jar:1.9.13:compile
|  +- org.codehaus.jackson:jackson-mapper-asl:jar:1.9.13:compile
|  +- org.apache.avro:avro:jar:1.8.2:provided
|  |  +- com.thoughtworks.paranamer:paranamer:jar:2.7:provided
|  |  +- org.xerial.snappy:snappy-java:jar:1.1.4:provided
|  |  \- org.tukaani:xz:jar:1.5:provided
|  +- com.google.protobuf:protobuf-java:jar:2.5.0:provided
|  +- com.google.code.gson:gson:jar:2.2.4:provided
|  +- org.apache.hadoop:hadoop-auth:jar:2.7.5:provided
|  |  \- org.apache.directory.server:apacheds-kerberos-codec:jar:2.0.0-M15:provided
|  |     +- org.apache.directory.server:apacheds-i18n:jar:2.0.0-M15:provided
|  |     +- org.apache.directory.api:api-asn1-api:jar:1.0.0-M20:provided
|  |     \- org.apache.directory.api:api-util:jar:1.0.0-M20:provided
|  +- com.jcraft:jsch:jar:0.1.54:provided
|  +- org.apache.curator:curator-client:jar:2.7.1:provided
|  +- org.apache.curator:curator-recipes:jar:2.7.1:provided
|  +- org.apache.htrace:htrace-core:jar:3.1.0-incubating:provided
|  +- org.apache.zookeeper:zookeeper:jar:3.4.14:provided
|  |  +- com.github.spotbugs:spotbugs-annotations:jar:3.1.9:provided
|  |  \- org.apache.yetus:audience-annotations:jar:0.5.0:provided
|  \- org.apache.commons:commons-compress:jar:1.20:compile
+- org.apache.hadoop:hadoop-mapreduce-client-core:jar:2.7.5:provided
|  +- org.apache.hadoop:hadoop-yarn-common:jar:2.7.5:provided
|  |  +- org.apache.hadoop:hadoop-yarn-api:jar:2.7.5:provided
|  |  +- javax.xml.bind:jaxb-api:jar:2.3.1:provided
|  |  |  \- javax.activation:javax.activation-api:jar:1.2.0:provided
|  |  +- com.sun.jersey:jersey-client:jar:1.9:provided
|  |  +- com.google.inject:guice:jar:3.0:provided
|  |  |  +- javax.inject:javax.inject:jar:1:provided
|  |  |  \- aopalliance:aopalliance:jar:1.0:provided
|  |  \- com.sun.jersey.contribs:jersey-guice:jar:1.9:provided
|  +- com.google.inject.extensions:guice-servlet:jar:3.0:provided
|  \- io.netty:netty:jar:3.6.2.Final:provided
+- org.apache.hive:hive-metastore:jar:2.3.4:provided
|  +- org.apache.hive:hive-serde:jar:2.3.4:provided
|  +- com.jolbox:bonecp:jar:0.8.0.RELEASE:provided
|  +- com.zaxxer:HikariCP:jar:2.5.1:provided
|  +- org.datanucleus:datanucleus-api-jdo:jar:4.2.4:provided
|  +- org.datanucleus:datanucleus-core:jar:4.1.17:compile
|  +- org.datanucleus:datanucleus-rdbms:jar:4.1.19:provided
|  +- commons-pool:commons-pool:jar:1.5.4:compile
|  +- commons-dbcp:commons-dbcp:jar:1.4:provided
|  +- javax.jdo:jdo-api:jar:3.0.1:provided
|  |  \- javax.transaction:jta:jar:1.1:provided
|  +- org.datanucleus:javax.jdo:jar:3.2.0-m3:provided
|  +- org.antlr:antlr-runtime:jar:3.5.2:provided
|  \- org.apache.thrift:libthrift:jar:0.9.3:provided
+- org.apache.hive:hive-exec:jar:2.3.4:compile
+- org.apache.flink:flink-shaded-httpclient:jar:4.5.3-11.0-byted-SNAPSHOT:compile
+- org.apache.flink:flink-shaded-bytedance:jar:11.0-byted-SNAPSHOT:compile
+- org.apache.flink:flink-shaded-jackson:jar:2.10.1-11.0-byted-SNAPSHOT:compile
+- org.byted.security:zti-jwt-helper-java:jar:1.0.10:compile
+- org.apache.flink:flink-table-common:test-jar:tests:1.11-byted-SNAPSHOT:test
+- org.eclipse.jetty.aggregate:jetty-all:jar:7.6.0.v20120127:test
|  +- org.apache.geronimo.specs:geronimo-jta_1.1_spec:jar:1.1.1:test
|  +- javax.mail:mail:jar:1.4.1:test
|  +- javax.activation:activation:jar:1.1:test
|  +- org.apache.geronimo.specs:geronimo-jaspic_1.0_spec:jar:1.0:test
|  +- org.apache.geronimo.specs:geronimo-annotation_1.0_spec:jar:1.1.1:test
|  \- asm:asm-commons:jar:3.1:test
|     \- asm:asm-tree:jar:3.1:test
+- org.apache.flink:flink-table-api-java:test-jar:tests:1.11-byted-SNAPSHOT:test
|  \- org.apache.calcite:calcite-core:jar:1.22.0-byted-1.05:provided
|     +- org.apache.calcite:calcite-linq4j:jar:1.22.0-byted-1.05:provided
|     +- com.fasterxml.jackson.core:jackson-annotations:jar:2.10.1:provided
|     +- org.apiguardian:apiguardian-api:jar:1.1.0:provided
|     +- com.esri.geometry:esri-geometry-api:jar:2.2.0:provided
|     +- com.fasterxml.jackson.core:jackson-core:jar:2.10.1:provided
|     +- com.fasterxml.jackson.core:jackson-databind:jar:2.10.1:provided
|     +- com.fasterxml.jackson.dataformat:jackson-dataformat-yaml:jar:2.10.1:provided
|     +- com.jayway.jsonpath:json-path:jar:2.4.0:provided
|     |  \- net.minidev:json-smart:jar:2.3:provided
|     |     \- net.minidev:accessors-smart:jar:1.2:provided
|     |        \- org.ow2.asm:asm:jar:5.0.4:provided
|     +- com.yahoo.datasketches:sketches-core:jar:0.9.0:provided
|     |  \- com.yahoo.datasketches:memory:jar:0.9.0:provided
|     +- net.hydromatic:aggdesigner-algorithm:jar:6.0:provided
|     +- org.apache.calcite.avatica:avatica-server:jar:1.16.0:provided
|     |  +- org.apache.calcite.avatica:avatica-metrics:jar:1.16.0:provided
|     |  +- javax.servlet:javax.servlet-api:jar:4.0.1:provided
|     |  +- org.eclipse.jetty:jetty-http:jar:9.4.15.v20190215:provided
|     |  |  \- org.eclipse.jetty:jetty-io:jar:9.4.15.v20190215:provided
|     |  +- org.eclipse.jetty:jetty-security:jar:9.4.15.v20190215:provided
|     |  +- org.eclipse.jetty:jetty-server:jar:9.4.15.v20190215:provided
|     |  \- org.eclipse.jetty:jetty-util:jar:9.4.15.v20190215:provided
|     \- org.apache.commons:commons-dbcp2:jar:2.6.0:provided
|        \- org.apache.commons:commons-pool2:jar:2.6.1:provided
+- org.apache.flink:flink-table-planner_2.11:jar:1.11-byted-SNAPSHOT:test
+- org.apache.flink:flink-table-planner-blink_2.11:test-jar:tests:1.11-byted-SNAPSHOT:test
+- org.apache.flink:flink-java:jar:1.11-byted-SNAPSHOT:test
|  \- org.apache.commons:commons-lang3:jar:3.3.2:compile
+- org.apache.flink:flink-clients_2.11:jar:1.11-byted-SNAPSHOT:test
|  +- org.apache.flink:flink-runtime_2.11:jar:1.11-byted-SNAPSHOT:provided
|  |  +- org.apache.flink:flink-queryable-state-client-java:jar:1.11-byted-SNAPSHOT:provided
|  |  +- org.apache.flink:flink-shaded-netty:jar:4.1.39.Final-11.0-byted-SNAPSHOT:provided
|  |  +- org.apache.flink:flink-shaded-zookeeper-3:jar:3.4.14-11.0-byted-SNAPSHOT:provided
|  |  +- org.javassist:javassist:jar:3.24.0-GA:provided
|  |  +- com.typesafe.akka:akka-actor_2.11:jar:2.5.21:provided
|  |  |  +- com.typesafe:config:jar:1.3.0:provided
|  |  |  \- org.scala-lang.modules:scala-java8-compat_2.11:jar:0.7.0:provided
|  |  +- com.typesafe.akka:akka-stream_2.11:jar:2.5.21:provided
|  |  |  +- org.reactivestreams:reactive-streams:jar:1.0.2:provided
|  |  |  \- com.typesafe:ssl-config-core_2.11:jar:0.3.7:provided
|  |  +- com.typesafe.akka:akka-protobuf_2.11:jar:2.5.21:provided
|  |  +- com.typesafe.akka:akka-slf4j_2.11:jar:2.5.21:provided
|  |  +- org.clapper:grizzled-slf4j_2.11:jar:1.3.2:provided
|  |  +- com.github.scopt:scopt_2.11:jar:3.5.0:provided
|  |  +- com.twitter:chill_2.11:jar:0.7.6:provided
|  |  |  \- com.twitter:chill-java:jar:0.7.6:provided
|  |  +- org.lz4:lz4-java:jar:1.6.0:provided
|  |  \- org.apache.flink:flink-shaded-caffeine:jar:11.0-byted-SNAPSHOT:provided
|  +- org.apache.flink:flink-optimizer_2.11:jar:1.11-byted-SNAPSHOT:test
|  \- org.apache.flink:flink-shaded-commons-cli:jar:1.3.1-11.0-byted-SNAPSHOT:provided
+- com.klarna:hiverunner:jar:4.0.0:test
|  +- org.apache.tez:tez-dag:jar:0.9.1:test
|  |  +- org.apache.tez:tez-api:jar:0.9.1:test
|  |  +- org.apache.tez:tez-runtime-internals:jar:0.9.1:test
|  |  +- org.apache.tez:tez-runtime-library:jar:0.9.1:test
|  |  |  +- org.roaringbitmap:RoaringBitmap:jar:0.4.9:test
|  |  |  \- com.ning:async-http-client:jar:1.8.16:test
|  |  \- org.apache.commons:commons-collections4:jar:4.1:test
|  \- org.apache.tez:tez-mapreduce:jar:0.9.1:test
|     \- org.apache.hadoop:hadoop-mapreduce-client-common:jar:2.7.0:test
+- org.reflections:reflections:jar:0.9.8:test
|  +- javassist:javassist:jar:3.12.1.GA:test
|  \- dom4j:dom4j:jar:1.6.1:test
|     \- xml-apis:xml-apis:jar:1.0.b2:test
+- org.apache.hive:hive-service:jar:2.3.4:test
|  +- org.apache.hive:hive-service-rpc:jar:2.3.4:provided
|  +- org.apache.hive:hive-llap-server:jar:2.3.4:test
|  |  +- org.apache.hive:hive-llap-common:jar:2.3.4:test
|  |  +- org.apache.hive:hive-llap-client:jar:2.3.4:test
|  |  |  \- org.apache.curator:apache-curator:pom:2.7.1:test
|  |  +- org.apache.hive:hive-llap-tez:jar:2.3.4:test
|  |  +- org.apache.hive:hive-shims:jar:2.3.4:provided
|  |  |  +- org.apache.hive.shims:hive-shims-common:jar:2.3.4:provided
|  |  |  +- org.apache.hive.shims:hive-shims-0.23:jar:2.3.4:provided
|  |  |  \- org.apache.hive.shims:hive-shims-scheduler:jar:2.3.4:provided
|  |  +- com.tdunning:json:jar:1.8:provided
|  |  +- org.apache.orc:orc-core:jar:1.3.3:provided
|  |  |  \- io.airlift:aircompressor:jar:0.3:provided
|  |  +- org.apache.slider:slider-core:jar:0.90.2-incubating:test
|  |  |  \- com.beust:jcommander:jar:1.30:test
|  |  +- org.apache.hive:hive-llap-common:test-jar:tests:2.3.4:test
|  |  +- org.apache.hbase:hbase-hadoop2-compat:jar:1.1.1:test
|  |  |  +- org.apache.hbase:hbase-annotations:jar:1.1.1:test
|  |  |  +- org.apache.commons:commons-math:jar:2.2:test
|  |  |  +- com.yammer.metrics:metrics-core:jar:2.2.0:test
|  |  |  \- com.github.stephenc.findbugs:findbugs-annotations:jar:1.3.9-1:test
|  |  +- org.apache.hbase:hbase-client:jar:1.1.1:test
|  |  |  +- org.apache.hbase:hbase-protocol:jar:1.1.1:test
|  |  |  +- io.netty:netty-all:jar:4.0.23.Final:test
|  |  |  +- org.jruby.jcodings:jcodings:jar:1.0.8:test
|  |  |  \- org.jruby.joni:joni:jar:2.1.2:test
|  |  +- org.apache.hbase:hbase-server:jar:1.1.1:test
|  |  |  +- org.apache.hbase:hbase-procedure:jar:1.1.1:test
|  |  |  |  \- org.apache.hbase:hbase-common:jar:tests:1.1.1:test
|  |  |  +- org.apache.hbase:hbase-prefix-tree:jar:1.1.1:test
|  |  |  +- org.mortbay.jetty:jsp-2.1:jar:6.1.14:test
|  |  |  +- org.mortbay.jetty:jsp-api-2.1:jar:6.1.14:test
|  |  |  +- org.mortbay.jetty:servlet-api-2.5:jar:6.1.14:test
|  |  |  \- com.lmax:disruptor:jar:3.4.2:test
|  |  \- org.apache.hbase:hbase-common:jar:1.1.1:test
|  +- net.sf.jpam:jpam:jar:1.1:test
|  +- tomcat:jasper-compiler:jar:5.5.23:provided
|  |  +- javax.servlet:jsp-api:jar:2.0:provided
|  |  \- ant:ant:jar:1.6.5:provided
|  +- tomcat:jasper-runtime:jar:5.5.23:provided
|  |  \- commons-el:commons-el:jar:1.0:provided
|  +- org.apache.thrift:libfb303:jar:0.9.3:provided
|  +- org.apache.curator:curator-framework:jar:2.7.1:provided
|  \- org.jamon:jamon-runtime:jar:2.3.1:test
+- org.apache.hive.hcatalog:hive-hcatalog-core:jar:2.3.4:test
|  +- org.apache.hive:hive-cli:jar:2.3.4:test
|  |  \- jline:jline:jar:2.12:provided
|  \- org.apache.hive:hive-common:jar:2.3.4:provided
|     +- org.apache.hive:hive-storage-api:jar:2.4.0:provided
|     +- org.eclipse.jetty.orbit:javax.servlet:jar:3.0.0.v201112011016:provided
|     +- joda-time:joda-time:jar:2.5:provided
|     +- org.apache.logging.log4j:log4j-web:jar:2.6.2:provided
|     +- org.apache.ant:ant:jar:1.9.1:provided
|     |  \- org.apache.ant:ant-launcher:jar:1.9.1:provided
|     +- io.dropwizard.metrics:metrics-jvm:jar:3.1.0:provided
|     +- io.dropwizard.metrics:metrics-json:jar:3.1.0:provided
|     \- com.github.joshelser:dropwizard-metrics-hadoop-metrics2-reporter:jar:0.1.2:provided
+- org.apache.hive.hcatalog:hive-webhcat-java-client:jar:2.3.4:test
|  \- org.apache.hive.hcatalog:hive-hcatalog-server-extensions:jar:2.3.4:test
+- org.apache.hive:hive-contrib:jar:2.3.4:test
+- org.apache.flink:flink-csv:jar:1.11-byted-SNAPSHOT:test
+- org.apache.flink:flink-test-utils_2.11:jar:1.11-byted-SNAPSHOT:test
|  +- org.apache.flink:flink-runtime_2.11:test-jar:tests:1.11-byted-SNAPSHOT:test
|  \- org.apache.curator:curator-test:jar:2.12.0:test
+- org.apache.derby:derby:jar:10.10.2.0:test
+- org.slf4j:slf4j-api:jar:1.7.15:provided
+- com.google.code.findbugs:jsr305:jar:1.3.9:provided
+- org.apache.flink:flink-test-utils-junit:jar:1.11-byted-SNAPSHOT:test
+- org.apache.flink:force-shading:jar:1.11-byted-SNAPSHOT:compile
+- junit:junit:jar:4.12:test
|  \- org.hamcrest:hamcrest-core:jar:1.3:test
+- org.mockito:mockito-core:jar:2.21.0:test
|  +- net.bytebuddy:byte-buddy:jar:1.8.15:test
|  +- net.bytebuddy:byte-buddy-agent:jar:1.8.15:test
|  \- org.objenesis:objenesis:jar:2.1:compile
+- org.powermock:powermock-module-junit4:jar:2.0.4:test
|  \- org.powermock:powermock-module-junit4-common:jar:2.0.4:test
|     +- org.powermock:powermock-reflect:jar:2.0.4:test
|     \- org.powermock:powermock-core:jar:2.0.4:test
+- org.powermock:powermock-api-mockito2:jar:2.0.4:test
|  \- org.powermock:powermock-api-support:jar:2.0.4:test
+- org.hamcrest:hamcrest-all:jar:1.3:test
+- org.apache.logging.log4j:log4j-slf4j-impl:jar:2.15.0:test
+- org.apache.logging.log4j:log4j-api:jar:2.15.0:test
+- org.apache.logging.log4j:log4j-core:jar:2.15.0:test
\- org.apache.logging.log4j:log4j-1.2-api:jar:2.15.0:test
